I'm sorry, but errors were detected in your script. Please correct the
errors listed below, and try again.


File "game/script.rpy", line 921: expected ':' not found.
    label lblVNC
                ^

File "game/script.rpy", line 923: expected ':' not found.
    label lblSSH
                ^

File "game/script.rpy", line 925: expected ':' not found.
    label lblPutty
                  ^

Ren'Py Version: Ren'Py 7.4.4.1439
Sun May 16 23:27:56 2021
